// Jest Snapshot v1, https://goo.gl/fbAQLP

exports[`Should render ExpenseDashboardPage Correctly 1`] = `
<div>
  <Connect(ExpenseList) />
</div>
`;
