// Jest Snapshot v1, https://goo.gl/fbAQLP

exports[`should render ExpenseList with expense 1`] = `
<div>
  <ExpenseListItem
    amount={500}
    createdAt={0}
    description="Gun"
    id="1"
    key="0"
    note=""
  />
  <ExpenseListItem
    amount={1500}
    createdAt={-345600000}
    description="Rifle"
    id="2"
    key="1"
    note=""
  />
  <ExpenseListItem
    amount={800}
    createdAt={345600000}
    description="Pistol"
    id="3"
    key="2"
    note=""
  />
</div>
`;

exports[`should render ExpenseList without expenses 1`] = `
<div>
  <p>
    No Expenses
  </p>
</div>
`;
