// Jest Snapshot v1, https://goo.gl/fbAQLP

exports[`should render ExpenseListItem  1`] = `
<div>
  <Link
    replace={false}
    to="/edit/1"
  >
    <h3>
      Gun
    </h3>
  </Link>
  <div>
    Amount:
    $5.00
    - Created At:
    January 1st, 1970
  </div>
</div>
`;
